C51 COMPILER V9.53.0.0   INTERRUPTS                                                        05/09/2019 23:35:50 PAGE 1   


C51 COMPILER V9.53.0.0, COMPILATION OF MODULE INTERRUPTS
OBJECT MODULE PLACED IN .\src\Interrupts.OBJ
COMPILER INVOKED BY: c:\SiliconLabs\SimplicityStudio\v3\developer\toolchains\keil_8051\9.53\BIN\C51.exe C:\Users\Minh Ha
                    -c\SimplicityStudio\v3_workspace\myProject\src\Interrupts.c OMF2 SMALL DEBUG OBJECTEXTEND ROM(LARGE) WARNINGLEVEL(2) FLOA
                    -TFUZZY(3) OPTIMIZE(8,SPEED) DEFINE(DEBUG=1) INTVECTOR(0X0000) INTPROMOTE INCDIR(C:/Users/Minh Hac/SimplicityStudio/v3_wo
                    -rkspace/myProject/inc;C:/SiliconLabs/SimplicityStudio/v3/developer/sdks/si8051/v3//Device/shared/si8051Base;C:/SiliconLa
                    -bs/SimplicityStudio/v3/developer/sdks/si8051/v3//Device/C8051F930;C:/SiliconLabs/SimplicityStudio/v3/developer/sdks/si80
                    -51/v3//Device/C8051F930/inc) PRINT(.\src\Interrupts.lst) COND PAGEWIDTH(120) PAGELENGTH(65) OBJECT(.\src\Interrupts.OBJ)

line level    source

   1          //=========================================================
   2          // Lorsqu'il y a un overflow, le systeme appele l'interruption
   3          // 1. Interruption du Timer 0
   4          // 2. Interruption du timer 2
   5          //=========================================================
   6          
   7          // includes
   8          
   9          #include <SI_C8051F930_Register_Enums.h>
  10          #include "InitDevice.h"
  11          #include "variables_globales.h"
  12          #include "moteur.h"
  13          #include "moteur_port.h"
  14          
  15          INTERRUPT (TIMER2_ISR, TIMER2_IRQn){
  16   1      
  17   1              TMR2CN_TF2H = 0;               // flag overflow du timer 2
  18   1          changePhase();               // pour changer d’état de la phase.
  19   1      }
  20          
  21          INTERRUPT (TIMER0_ISR, TIMER0_IRQn){ // une base de temps de 250 cycles = 150us
  22   1      
  23   1              TCON_TF0 = 0;                   // etteint le flage d'interruption du timer0
  24   1              new_task = 1;                     // activer le scheduler et lancer une tache
  25   1      }
  26          
  27          
  28          INTERRUPT (UART0_ISR, UART0_IRQn) {
  29   1      
  30   1              static bit pass_R=0;
  31   1              if(SCON0_TI ==1){   // fin de transmission
  32   2            SCON0_TI =0;
  33   2              }
  34   1              else if(SCON0_RI ==1){  // si il y un message qui vient de Terminal
  35   2                                          // il attend la fin de reception, le flag monter automatiquement a 1
  36   2                 SCON0_RI = 0;        // remttre valeur de RI0 = 1=>RI0 = 0
  37   2                 if(pass_R==0){       // si la
  38   3                            val = SBUF0;  // la variable Val (un octet) prend valeur de SBUF0
  39   3                         }
  40   2                         else {
  41   3                                pass_R=0;
  42   3                         }
  43   2      
  44   2              }
  45   1      }


MODULE INFORMATION:   STATIC OVERLAYABLE
   CODE SIZE        =    113    ----
   CONSTANT SIZE    =   ----    ----
   XDATA SIZE       =   ----    ----
C51 COMPILER V9.53.0.0   INTERRUPTS                                                        05/09/2019 23:35:50 PAGE 2   

   PDATA SIZE       =   ----    ----
   DATA SIZE        =   ----    ----
   IDATA SIZE       =   ----    ----
   BIT SIZE         =      1    ----
   EDATA SIZE       =   ----    ----
   HDATA SIZE       =   ----    ----
   XDATA CONST SIZE =   ----    ----
   FAR CONST SIZE   =   ----    ----
END OF MODULE INFORMATION.


C51 COMPILATION COMPLETE.  0 WARNING(S),  0 ERROR(S)
